goos: windows
goarch: amd64
pkg: sonic-bench/rootbench
cpu: 12th Gen Intel(R) Core(TM) i9-12900H
BenchmarkMarshalSmallStruct   	  293814	       956.8 ns/op	 144.23 MB/s	     336 B/op	       3 allocs/op
BenchmarkUnmarshalMediumMap   	   34240	      8031 ns/op	  66.37 MB/s	    4368 B/op	     112 allocs/op
BenchmarkValidMedium          	  437202	       761.2 ns/op	 700.18 MB/s	       0 B/op	       0 allocs/op
BenchmarkGetPath              	 1000000	       253.3 ns/op	     164 B/op	       2 allocs/op
BenchmarkContainer/10/Get     	  265994	      1208 ns/op	     384 B/op	       1 allocs/op
BenchmarkContainer/10/SearcherDefault         	  590259	       508.2 ns/op	       0 B/op	       0 allocs/op
BenchmarkContainer/10/SearcherNoValidate      	  481285	       606.1 ns/op	       0 B/op	       0 allocs/op
BenchmarkContainer/10/LoadAll                 	  199063	      1523 ns/op	 243.54 MB/s	     552 B/op	       6 allocs/op
BenchmarkContainer/1000/Get                   	    2586	    113883 ns/op	   40960 B/op	       1 allocs/op
BenchmarkContainer/1000/SearcherDefault       	    5398	     46405 ns/op	       0 B/op	       0 allocs/op
BenchmarkContainer/1000/SearcherNoValidate    	    5032	     56879 ns/op	       0 B/op	       0 allocs/op
BenchmarkContainer/1000/LoadAll               	    2990	    105587 ns/op	 341.05 MB/s	     552 B/op	       6 allocs/op
BenchmarkStringGet/16/Bytes                   	 4458028	        70.42 ns/op	       2 B/op	       1 allocs/op
BenchmarkStringGet/16/String                  	 5726818	        56.31 ns/op	       0 B/op	       0 allocs/op
BenchmarkStringGet/16/Searcher                	 7035679	        50.72 ns/op	       0 B/op	       0 allocs/op
BenchmarkStringGet/16/CopyString              	 3067986	        87.06 ns/op	       2 B/op	       1 allocs/op
BenchmarkStringGet/65536/Bytes                	 3495830	        89.49 ns/op	       2 B/op	       1 allocs/op
BenchmarkStringGet/65536/String               	 4194073	        67.48 ns/op	       0 B/op	       0 allocs/op
BenchmarkStringGet/65536/Searcher             	 6171441	        47.13 ns/op	       0 B/op	       0 allocs/op
BenchmarkStringGet/65536/CopyString           	 3621044	        78.09 ns/op	       2 B/op	       1 allocs/op
BenchmarkEncoder/RootStream                   	 1000000	       251.7 ns/op	 158.94 MB/s	       0 B/op	       0 allocs/op
BenchmarkEncoder/StdStream                    	 1273491	       235.2 ns/op	 170.09 MB/s	       0 B/op	       0 allocs/op
BenchmarkEncoder/RootMarshal                  	  966463	       340.4 ns/op	 114.56 MB/s	      48 B/op	       1 allocs/op
BenchmarkEncoder/EncodeIntoReuse              	 1000000	       266.6 ns/op	 146.27 MB/s	       0 B/op	       0 allocs/op
BenchmarkDecodeNumbers/Default                	  308959	      1016 ns/op	  30.52 MB/s	     536 B/op	      13 allocs/op
BenchmarkDecodeNumbers/UseNumber              	   90114	      3313 ns/op	   9.36 MB/s	    1344 B/op	      29 allocs/op
BenchmarkDecodeNumbers/UseInt64               	  347414	       961.7 ns/op	  32.23 MB/s	     488 B/op	       7 allocs/op
BenchmarkStringDecoder/PackageDecoder         	    8398	     36991 ns/op	  27.01 MB/s	    2168 B/op	     108 allocs/op
BenchmarkStringDecoder/StdDecoder             	    9032	     36595 ns/op	  27.30 MB/s	    2168 B/op	     108 allocs/op
BenchmarkPreorderDepth/64                     	  221616	      1155 ns/op	 111.64 MB/s	       0 B/op	       0 allocs/op
BenchmarkPreorderDepth/256                    	   54489	      5302 ns/op	  96.76 MB/s	       0 B/op	       0 allocs/op
BenchmarkPreorderDepth/1024                   	   13688	     20659 ns/op	  99.18 MB/s	       0 B/op	       0 allocs/op
BenchmarkValidStringLarge                     	  215912	      1423 ns/op	46072.16 MB/s	       0 B/op	       0 allocs/op
BenchmarkUnmarshalLargeString                 	    2974	     86727 ns/op	 755.82 MB/s	   65906 B/op	       6 allocs/op
PASS
