goos: windows
goarch: amd64
pkg: sonic-bench/rootbench
cpu: 12th Gen Intel(R) Core(TM) i9-12900H
BenchmarkMarshalSmallStruct   	  344613	       934.8 ns/op	 147.62 MB/s	     336 B/op	       3 allocs/op
BenchmarkUnmarshalMediumMap   	   48235	      6219 ns/op	  85.70 MB/s	    4368 B/op	     112 allocs/op
BenchmarkValidMedium          	  379136	       812.4 ns/op	 656.04 MB/s	       0 B/op	       0 allocs/op
BenchmarkGetPath              	  460616	       691.0 ns/op	     164 B/op	       2 allocs/op
BenchmarkContainer/10/Get     	  145369	      2119 ns/op	     384 B/op	       1 allocs/op
BenchmarkContainer/10/SearcherDefault         	  503389	       650.4 ns/op	       0 B/op	       0 allocs/op
BenchmarkContainer/10/SearcherNoValidate      	  440160	       659.2 ns/op	       0 B/op	       0 allocs/op
BenchmarkContainer/10/LoadAll                 	  182185	      1813 ns/op	 204.67 MB/s	     552 B/op	       6 allocs/op
BenchmarkContainer/1000/Get                   	    1542	    210338 ns/op	   40961 B/op	       1 allocs/op
BenchmarkContainer/1000/SearcherDefault       	    5701	     59178 ns/op	       0 B/op	       0 allocs/op
BenchmarkContainer/1000/SearcherNoValidate    	    4348	     71395 ns/op	       0 B/op	       0 allocs/op
BenchmarkContainer/1000/LoadAll               	    2190	    139439 ns/op	 258.26 MB/s	     552 B/op	       6 allocs/op
BenchmarkStringGet/16/Bytes                   	 1491744	       199.1 ns/op	       2 B/op	       1 allocs/op
BenchmarkStringGet/16/String                  	  952471	       268.3 ns/op	      48 B/op	       1 allocs/op
BenchmarkStringGet/16/Searcher                	 5764762	        47.67 ns/op	       0 B/op	       0 allocs/op
BenchmarkStringGet/16/CopyString              	 1121751	       265.5 ns/op	      50 B/op	       2 allocs/op
BenchmarkStringGet/65536/Bytes                	    9954	     30180 ns/op	       2 B/op	       1 allocs/op
BenchmarkStringGet/65536/String               	    6805	     39094 ns/op	   73730 B/op	       1 allocs/op
BenchmarkStringGet/65536/Searcher             	 6010144	        45.53 ns/op	       0 B/op	       0 allocs/op
BenchmarkStringGet/65536/CopyString           	    6866	     40282 ns/op	   73732 B/op	       2 allocs/op
BenchmarkEncoder/RootStream                   	 1000000	       301.5 ns/op	 132.66 MB/s	       0 B/op	       0 allocs/op
BenchmarkEncoder/StdStream                    	 1000000	       267.9 ns/op	 149.33 MB/s	       0 B/op	       0 allocs/op
BenchmarkEncoder/RootMarshal                  	  692162	       434.3 ns/op	  89.81 MB/s	      48 B/op	       1 allocs/op
BenchmarkEncoder/EncodeIntoReuse              	  999232	       285.3 ns/op	 136.70 MB/s	       0 B/op	       0 allocs/op
BenchmarkDecodeNumbers/Default                	  275901	      1195 ns/op	  25.94 MB/s	     536 B/op	      13 allocs/op
BenchmarkDecodeNumbers/UseNumber              	   80062	      3451 ns/op	   8.98 MB/s	    1344 B/op	      29 allocs/op
BenchmarkDecodeNumbers/UseInt64               	  288043	       875.3 ns/op	  35.42 MB/s	     488 B/op	       7 allocs/op
BenchmarkStringDecoder/PackageDecoder         	    8895	     34742 ns/op	  28.75 MB/s	    2168 B/op	     108 allocs/op
BenchmarkStringDecoder/StdDecoder             	    8686	     36348 ns/op	  27.48 MB/s	    2168 B/op	     108 allocs/op
BenchmarkPreorderDepth/64                     	  182902	      1447 ns/op	  89.16 MB/s	       0 B/op	       0 allocs/op
BenchmarkPreorderDepth/256                    	   44269	      6684 ns/op	  76.75 MB/s	       0 B/op	       0 allocs/op
BenchmarkPreorderDepth/1024                   	   10585	     28487 ns/op	  71.93 MB/s	       0 B/op	       0 allocs/op
BenchmarkValidStringLarge                     	    5340	     48451 ns/op	1352.91 MB/s	   73730 B/op	       1 allocs/op
BenchmarkUnmarshalLargeString                 	    3027	     91803 ns/op	 714.03 MB/s	   65906 B/op	       6 allocs/op
PASS
