goos: windows
goarch: amd64
pkg: sonic-bench/rootbench
cpu: 12th Gen Intel(R) Core(TM) i9-12900H
BenchmarkMarshalSmallStruct   	  304970	      1019 ns/op	 135.39 MB/s	     336 B/op	       3 allocs/op
BenchmarkUnmarshalMediumMap   	   34584	      8025 ns/op	  66.41 MB/s	    4368 B/op	     112 allocs/op
BenchmarkValidMedium          	  422391	       796.3 ns/op	 669.34 MB/s	       0 B/op	       0 allocs/op
BenchmarkGetPath              	 1000000	       275.1 ns/op	     164 B/op	       2 allocs/op
BenchmarkContainer/10/Get     	  239264	      1221 ns/op	     384 B/op	       1 allocs/op
BenchmarkContainer/10/SearcherDefault         	  514084	       554.2 ns/op	       0 B/op	       0 allocs/op
BenchmarkContainer/10/SearcherNoValidate      	  423213	       629.9 ns/op	       0 B/op	       0 allocs/op
BenchmarkContainer/10/LoadAll                 	  197922	      1542 ns/op	 240.54 MB/s	     552 B/op	       6 allocs/op
BenchmarkContainer/1000/Get                   	    2860	    115932 ns/op	   40960 B/op	       1 allocs/op
BenchmarkContainer/1000/SearcherDefault       	    4785	     52775 ns/op	       0 B/op	       0 allocs/op
BenchmarkContainer/1000/SearcherNoValidate    	    3835	     69361 ns/op	       0 B/op	       0 allocs/op
BenchmarkContainer/1000/LoadAll               	    2479	    116372 ns/op	 309.45 MB/s	     552 B/op	       6 allocs/op
BenchmarkStringGet/16/Bytes                   	 4170054	        78.54 ns/op	       2 B/op	       1 allocs/op
BenchmarkStringGet/16/String                  	 3957469	        71.68 ns/op	       0 B/op	       0 allocs/op
BenchmarkStringGet/16/Searcher                	 5091511	        55.17 ns/op	       0 B/op	       0 allocs/op
BenchmarkStringGet/16/CopyString              	 3204378	        84.98 ns/op	       2 B/op	       1 allocs/op
BenchmarkStringGet/65536/Bytes                	 3674313	        89.46 ns/op	       2 B/op	       1 allocs/op
BenchmarkStringGet/65536/String               	 4144864	        67.22 ns/op	       0 B/op	       0 allocs/op
BenchmarkStringGet/65536/Searcher             	 7321573	        40.56 ns/op	       0 B/op	       0 allocs/op
BenchmarkStringGet/65536/CopyString           	 3871856	        77.36 ns/op	       2 B/op	       1 allocs/op
BenchmarkEncoder/RootStream                   	 1000000	       273.4 ns/op	 146.28 MB/s	       0 B/op	       0 allocs/op
BenchmarkEncoder/StdStream                    	 1000000	       289.8 ns/op	 138.05 MB/s	       0 B/op	       0 allocs/op
BenchmarkEncoder/RootMarshal                  	  912519	       381.4 ns/op	 102.24 MB/s	      48 B/op	       1 allocs/op
BenchmarkEncoder/EncodeIntoReuse              	  978632	       294.4 ns/op	 132.46 MB/s	       0 B/op	       0 allocs/op
BenchmarkDecodeNumbers/Default                	  284362	       968.5 ns/op	  32.01 MB/s	     536 B/op	      13 allocs/op
BenchmarkDecodeNumbers/UseNumber              	   86772	      3270 ns/op	   9.48 MB/s	    1344 B/op	      29 allocs/op
BenchmarkDecodeNumbers/UseInt64               	  368912	       908.1 ns/op	  34.14 MB/s	     488 B/op	       7 allocs/op
BenchmarkStringDecoder/PackageDecoder         	    7393	     40485 ns/op	  24.68 MB/s	    2168 B/op	     108 allocs/op
BenchmarkStringDecoder/StdDecoder             	    7820	     36532 ns/op	  27.35 MB/s	    2168 B/op	     108 allocs/op
BenchmarkPreorderDepth/64                     	  191473	      1506 ns/op	  85.63 MB/s	       0 B/op	       0 allocs/op
BenchmarkPreorderDepth/256                    	   43144	      6012 ns/op	  85.33 MB/s	       0 B/op	       0 allocs/op
BenchmarkPreorderDepth/1024                   	   12850	     23286 ns/op	  87.99 MB/s	       0 B/op	       0 allocs/op
BenchmarkValidStringLarge                     	  221955	      1461 ns/op	44864.46 MB/s	       0 B/op	       0 allocs/op
BenchmarkUnmarshalLargeString                 	    3055	     83577 ns/op	 784.31 MB/s	   65907 B/op	       6 allocs/op
PASS
