goos: windows
goarch: amd64
pkg: sonic-bench/rootbench
cpu: 12th Gen Intel(R) Core(TM) i9-12900H
BenchmarkMarshalSmallStruct   	  312067	      1178 ns/op	 117.17 MB/s	     336 B/op	       3 allocs/op
BenchmarkUnmarshalMediumMap   	   14136	     23061 ns/op	  23.11 MB/s	    4872 B/op	     147 allocs/op
BenchmarkValidMedium          	  334772	       846.7 ns/op	 629.53 MB/s	       0 B/op	       0 allocs/op
BenchmarkGetPath              	  370474	       709.9 ns/op	     164 B/op	       2 allocs/op
BenchmarkContainer/10/Get     	  147268	      2120 ns/op	     384 B/op	       1 allocs/op
BenchmarkContainer/10/SearcherDefault         	  485608	       544.5 ns/op	       0 B/op	       0 allocs/op
BenchmarkContainer/10/SearcherNoValidate      	  458799	       635.5 ns/op	       0 B/op	       0 allocs/op
BenchmarkContainer/10/LoadAll                 	  170288	      1563 ns/op	 237.34 MB/s	     552 B/op	       6 allocs/op
BenchmarkContainer/1000/Get                   	    1608	    187227 ns/op	   40961 B/op	       1 allocs/op
BenchmarkContainer/1000/SearcherDefault       	    5232	     57084 ns/op	       0 B/op	       0 allocs/op
BenchmarkContainer/1000/SearcherNoValidate    	    4645	     64801 ns/op	       0 B/op	       0 allocs/op
BenchmarkContainer/1000/LoadAll               	    2454	    119862 ns/op	 300.44 MB/s	     552 B/op	       6 allocs/op
BenchmarkStringGet/16/Bytes                   	 1457977	       206.8 ns/op	       2 B/op	       1 allocs/op
BenchmarkStringGet/16/String                  	 1214006	       251.0 ns/op	      48 B/op	       1 allocs/op
BenchmarkStringGet/16/Searcher                	 7013557	        40.59 ns/op	       0 B/op	       0 allocs/op
BenchmarkStringGet/16/CopyString              	 1000000	       261.2 ns/op	      50 B/op	       2 allocs/op
BenchmarkStringGet/65536/Bytes                	    9559	     26699 ns/op	       2 B/op	       1 allocs/op
BenchmarkStringGet/65536/String               	    8168	     36700 ns/op	   73731 B/op	       1 allocs/op
BenchmarkStringGet/65536/Searcher             	 7832672	        40.02 ns/op	       0 B/op	       0 allocs/op
BenchmarkStringGet/65536/CopyString           	    5331	     50907 ns/op	   73733 B/op	       2 allocs/op
BenchmarkEncoder/RootStream                   	 1129936	       264.5 ns/op	 151.20 MB/s	       0 B/op	       0 allocs/op
BenchmarkEncoder/StdStream                    	 1247277	       237.8 ns/op	 168.21 MB/s	       0 B/op	       0 allocs/op
BenchmarkEncoder/RootMarshal                  	 1000000	       330.2 ns/op	 118.09 MB/s	      48 B/op	       1 allocs/op
BenchmarkEncoder/EncodeIntoReuse              	 1124632	       273.2 ns/op	 142.77 MB/s	       0 B/op	       0 allocs/op
BenchmarkDecodeNumbers/Default                	   90102	      3076 ns/op	  10.08 MB/s	     648 B/op	      23 allocs/op
BenchmarkDecodeNumbers/UseNumber              	  120482	      2337 ns/op	  13.26 MB/s	     648 B/op	      17 allocs/op
BenchmarkDecodeNumbers/UseInt64               	  104524	      2500 ns/op	  12.40 MB/s	     552 B/op	      11 allocs/op
BenchmarkStringDecoder/PackageDecoder         	    6597	     41845 ns/op	  23.87 MB/s	    2168 B/op	     108 allocs/op
BenchmarkStringDecoder/StdDecoder             	    7719	     39510 ns/op	  25.28 MB/s	    2168 B/op	     108 allocs/op
BenchmarkPreorderDepth/64                     	  220434	      1392 ns/op	  92.70 MB/s	       0 B/op	       0 allocs/op
BenchmarkPreorderDepth/256                    	   44828	      5734 ns/op	  89.47 MB/s	       0 B/op	       0 allocs/op
BenchmarkPreorderDepth/1024                   	   13563	     22624 ns/op	  90.57 MB/s	       0 B/op	       0 allocs/op
BenchmarkValidStringLarge                     	    5442	     48300 ns/op	1357.15 MB/s	   73731 B/op	       1 allocs/op
BenchmarkUnmarshalLargeString                 	    5266	     55583 ns/op	1179.32 MB/s	   65947 B/op	       8 allocs/op
PASS
