goos: windows
goarch: amd64
pkg: sonic-bench/rootbench
cpu: 12th Gen Intel(R) Core(TM) i9-12900H
BenchmarkMarshalSmallStruct   	  311199	      1068 ns/op	 129.25 MB/s	     336 B/op	       3 allocs/op
BenchmarkUnmarshalMediumMap   	   31648	      8656 ns/op	  61.58 MB/s	    4368 B/op	     112 allocs/op
BenchmarkValidMedium          	  365133	       896.2 ns/op	 594.76 MB/s	       0 B/op	       0 allocs/op
BenchmarkGetPath              	  899020	       304.5 ns/op	     164 B/op	       2 allocs/op
BenchmarkContainer/10/Get     	  197690	      1386 ns/op	     384 B/op	       1 allocs/op
BenchmarkContainer/10/SearcherDefault         	  461182	       560.4 ns/op	       0 B/op	       0 allocs/op
BenchmarkContainer/10/SearcherNoValidate      	  456856	       758.0 ns/op	       0 B/op	       0 allocs/op
BenchmarkContainer/10/LoadAll                 	  175136	      1896 ns/op	 195.66 MB/s	     552 B/op	       6 allocs/op
BenchmarkContainer/1000/Get                   	    1840	    145085 ns/op	   40960 B/op	       1 allocs/op
BenchmarkContainer/1000/SearcherDefault       	    5294	     59925 ns/op	       0 B/op	       0 allocs/op
BenchmarkContainer/1000/SearcherNoValidate    	    4358	     65891 ns/op	       0 B/op	       0 allocs/op
BenchmarkContainer/1000/LoadAll               	    2442	    130256 ns/op	 276.46 MB/s	     552 B/op	       6 allocs/op
BenchmarkStringGet/16/Bytes                   	 3141936	        92.20 ns/op	       2 B/op	       1 allocs/op
BenchmarkStringGet/16/String                  	 4194384	        70.68 ns/op	       0 B/op	       0 allocs/op
BenchmarkStringGet/16/Searcher                	 6575774	        52.26 ns/op	       0 B/op	       0 allocs/op
BenchmarkStringGet/16/CopyString              	 3742588	        83.81 ns/op	       2 B/op	       1 allocs/op
BenchmarkStringGet/65536/Bytes                	 3354758	        86.71 ns/op	       2 B/op	       1 allocs/op
BenchmarkStringGet/65536/String               	 4249857	        69.43 ns/op	       0 B/op	       0 allocs/op
BenchmarkStringGet/65536/Searcher             	 6903518	        44.45 ns/op	       0 B/op	       0 allocs/op
BenchmarkStringGet/65536/CopyString           	 3593428	        79.67 ns/op	       2 B/op	       1 allocs/op
BenchmarkEncoder/RootStream                   	 1000000	       270.7 ns/op	 147.79 MB/s	       0 B/op	       0 allocs/op
BenchmarkEncoder/StdStream                    	 1000000	       267.7 ns/op	 149.43 MB/s	       0 B/op	       0 allocs/op
BenchmarkEncoder/RootMarshal                  	  838292	       392.2 ns/op	  99.44 MB/s	      48 B/op	       1 allocs/op
BenchmarkEncoder/EncodeIntoReuse              	 1000000	       294.4 ns/op	 132.45 MB/s	       0 B/op	       0 allocs/op
BenchmarkDecodeNumbers/Default                	  260232	      1143 ns/op	  27.13 MB/s	     536 B/op	      13 allocs/op
BenchmarkDecodeNumbers/UseNumber              	   81200	      3942 ns/op	   7.86 MB/s	    1344 B/op	      29 allocs/op
BenchmarkDecodeNumbers/UseInt64               	  289686	      1241 ns/op	  24.97 MB/s	     488 B/op	       7 allocs/op
BenchmarkStringDecoder/PackageDecoder         	    5157	     52421 ns/op	  19.06 MB/s	    2168 B/op	     108 allocs/op
BenchmarkStringDecoder/StdDecoder             	    7910	     43043 ns/op	  23.21 MB/s	    2168 B/op	     108 allocs/op
BenchmarkPreorderDepth/64                     	  190322	      1558 ns/op	  82.79 MB/s	       0 B/op	       0 allocs/op
BenchmarkPreorderDepth/256                    	   43562	      6594 ns/op	  77.79 MB/s	       0 B/op	       0 allocs/op
BenchmarkPreorderDepth/1024                   	    8764	     29426 ns/op	  69.63 MB/s	       0 B/op	       0 allocs/op
BenchmarkValidStringLarge                     	  204792	      1711 ns/op	38312.92 MB/s	       0 B/op	       0 allocs/op
BenchmarkUnmarshalLargeString                 	    2301	    119941 ns/op	 546.52 MB/s	   65907 B/op	       6 allocs/op
PASS
