goos: windows
goarch: amd64
pkg: sonic-bench/rootbench
cpu: 12th Gen Intel(R) Core(TM) i9-12900H
BenchmarkMarshalSmallStruct   	 1000000	       327.3 ns/op	 421.59 MB/s	     256 B/op	       3 allocs/op
BenchmarkUnmarshalMediumMap   	   63226	      4968 ns/op	 107.29 MB/s	    5360 B/op	      59 allocs/op
BenchmarkValidMedium          	  412632	       721.9 ns/op	 738.36 MB/s	       0 B/op	       0 allocs/op
BenchmarkGetPath              	 1538799	       229.3 ns/op	      40 B/op	       2 allocs/op
BenchmarkContainer/10/Get     	  302894	       983.4 ns/op	     384 B/op	       1 allocs/op
BenchmarkContainer/10/SearcherDefault         	  449983	       657.2 ns/op	       0 B/op	       0 allocs/op
BenchmarkContainer/10/SearcherNoValidate      	 6159379	        45.54 ns/op	       0 B/op	       0 allocs/op
BenchmarkContainer/10/LoadAll                 	  219236	      1358 ns/op	 273.23 MB/s	    1104 B/op	       4 allocs/op
BenchmarkContainer/1000/Get                   	    3673	     82734 ns/op	   40962 B/op	       1 allocs/op
BenchmarkContainer/1000/SearcherDefault       	    5181	     62719 ns/op	       0 B/op	       0 allocs/op
BenchmarkContainer/1000/SearcherNoValidate    	  156402	      1906 ns/op	       0 B/op	       0 allocs/op
BenchmarkContainer/1000/LoadAll               	    3644	     78136 ns/op	 460.88 MB/s	    1104 B/op	       4 allocs/op
BenchmarkStringGet/16/Bytes                   	 3726254	        77.11 ns/op	       8 B/op	       1 allocs/op
BenchmarkStringGet/16/String                  	 7467348	        39.38 ns/op	       0 B/op	       0 allocs/op
BenchmarkStringGet/16/Searcher                	 7959121	        37.56 ns/op	       0 B/op	       0 allocs/op
BenchmarkStringGet/16/CopyString              	 4952382	        64.04 ns/op	       8 B/op	       1 allocs/op
BenchmarkStringGet/65536/Bytes                	 4474532	        65.78 ns/op	       8 B/op	       1 allocs/op
BenchmarkStringGet/65536/String               	 7732635	        38.33 ns/op	       0 B/op	       0 allocs/op
BenchmarkStringGet/65536/Searcher             	 7787029	        38.38 ns/op	       0 B/op	       0 allocs/op
BenchmarkStringGet/65536/CopyString           	 5009349	        63.77 ns/op	       8 B/op	       1 allocs/op
BenchmarkEncoder/RootStream                   	 2461500	       124.5 ns/op	 321.36 MB/s	      17 B/op	       2 allocs/op
BenchmarkEncoder/StdStream                    	 2167438	       135.9 ns/op	 294.41 MB/s	       0 B/op	       0 allocs/op
BenchmarkEncoder/RootMarshal                  	 1986645	       147.9 ns/op	 263.63 MB/s	      64 B/op	       2 allocs/op
BenchmarkEncoder/EncodeIntoReuse              	 3231580	        96.04 ns/op	 406.06 MB/s	      16 B/op	       1 allocs/op
BenchmarkDecodeNumbers/Default                	  358729	       817.8 ns/op	  37.91 MB/s	     745 B/op	      13 allocs/op
BenchmarkDecodeNumbers/UseNumber              	  419287	       883.2 ns/op	  35.10 MB/s	     792 B/op	      13 allocs/op
BenchmarkDecodeNumbers/UseInt64               	  421347	       658.9 ns/op	  47.05 MB/s	     696 B/op	       7 allocs/op
BenchmarkStringDecoder/PackageDecoder         	   36662	      8687 ns/op	 114.99 MB/s	     832 B/op	     101 allocs/op
BenchmarkStringDecoder/StdDecoder             	   10000	     33592 ns/op	  29.74 MB/s	    3280 B/op	     108 allocs/op
BenchmarkPreorderDepth/64                     	  149994	      2080 ns/op	  62.02 MB/s	       0 B/op	       0 allocs/op
BenchmarkPreorderDepth/256                    	   36121	      9271 ns/op	  55.33 MB/s	       0 B/op	       0 allocs/op
BenchmarkPreorderDepth/1024                   	    8202	     40622 ns/op	  50.44 MB/s	       0 B/op	       0 allocs/op
BenchmarkValidStringLarge                     	  185310	      1654 ns/op	39630.27 MB/s	       0 B/op	       0 allocs/op
BenchmarkUnmarshalLargeString                 	   13185	     22055 ns/op	2972.09 MB/s	   74124 B/op	       6 allocs/op
PASS
