goos: windows
goarch: amd64
pkg: sonic-bench/rootbench
cpu: 12th Gen Intel(R) Core(TM) i9-12900H
BenchmarkMarshalSmallStruct   	  756944	       458.4 ns/op	 301.04 MB/s	     256 B/op	       3 allocs/op
BenchmarkUnmarshalMediumMap   	   48793	      6566 ns/op	  81.17 MB/s	    5360 B/op	      59 allocs/op
BenchmarkValidMedium          	  319795	       916.5 ns/op	 581.59 MB/s	       0 B/op	       0 allocs/op
BenchmarkGetPath              	 1309676	       202.9 ns/op	      40 B/op	       2 allocs/op
BenchmarkContainer/10/Get     	  363019	       875.3 ns/op	     384 B/op	       1 allocs/op
BenchmarkContainer/10/SearcherDefault         	  417146	       707.0 ns/op	       0 B/op	       0 allocs/op
BenchmarkContainer/10/SearcherNoValidate      	 5753739	        49.95 ns/op	       0 B/op	       0 allocs/op
BenchmarkContainer/10/LoadAll                 	  199845	      1485 ns/op	 249.91 MB/s	    1104 B/op	       4 allocs/op
BenchmarkContainer/1000/Get                   	    4084	     72559 ns/op	   40962 B/op	       1 allocs/op
BenchmarkContainer/1000/SearcherDefault       	    4969	     58509 ns/op	       0 B/op	       0 allocs/op
BenchmarkContainer/1000/SearcherNoValidate    	  139305	      2102 ns/op	       0 B/op	       0 allocs/op
BenchmarkContainer/1000/LoadAll               	    4760	     68938 ns/op	 522.37 MB/s	    1104 B/op	       4 allocs/op
BenchmarkStringGet/16/Bytes                   	 3224349	        79.05 ns/op	       8 B/op	       1 allocs/op
BenchmarkStringGet/16/String                  	 7005662	        47.11 ns/op	       0 B/op	       0 allocs/op
BenchmarkStringGet/16/Searcher                	 6256894	        46.47 ns/op	       0 B/op	       0 allocs/op
BenchmarkStringGet/16/CopyString              	 3979813	        73.16 ns/op	       8 B/op	       1 allocs/op
BenchmarkStringGet/65536/Bytes                	 3727480	        73.69 ns/op	       8 B/op	       1 allocs/op
BenchmarkStringGet/65536/String               	 4915566	        56.74 ns/op	       0 B/op	       0 allocs/op
BenchmarkStringGet/65536/Searcher             	 4781691	        52.84 ns/op	       0 B/op	       0 allocs/op
BenchmarkStringGet/65536/CopyString           	 3134972	        86.78 ns/op	       8 B/op	       1 allocs/op
BenchmarkEncoder/RootStream                   	 1808061	       168.8 ns/op	 236.93 MB/s	      17 B/op	       2 allocs/op
BenchmarkEncoder/StdStream                    	 1481106	       216.1 ns/op	 185.10 MB/s	       0 B/op	       0 allocs/op
BenchmarkEncoder/RootMarshal                  	 1000000	       254.8 ns/op	 153.04 MB/s	      64 B/op	       2 allocs/op
BenchmarkEncoder/EncodeIntoReuse              	 2011306	       143.6 ns/op	 271.51 MB/s	      16 B/op	       1 allocs/op
BenchmarkDecodeNumbers/Default                	  276481	      1057 ns/op	  29.33 MB/s	     745 B/op	      13 allocs/op
BenchmarkDecodeNumbers/UseNumber              	  308616	      1102 ns/op	  28.13 MB/s	     792 B/op	      13 allocs/op
BenchmarkDecodeNumbers/UseInt64               	  360957	       957.1 ns/op	  32.39 MB/s	     696 B/op	       7 allocs/op
BenchmarkStringDecoder/PackageDecoder         	   26400	      9957 ns/op	 100.34 MB/s	     832 B/op	     101 allocs/op
BenchmarkStringDecoder/StdDecoder             	    8882	     38457 ns/op	  25.98 MB/s	    3280 B/op	     108 allocs/op
BenchmarkPreorderDepth/64                     	  175447	      1741 ns/op	  74.08 MB/s	       0 B/op	       0 allocs/op
BenchmarkPreorderDepth/256                    	   32815	      8716 ns/op	  58.86 MB/s	       0 B/op	       0 allocs/op
BenchmarkPreorderDepth/1024                   	    8056	     34183 ns/op	  59.94 MB/s	       0 B/op	       0 allocs/op
BenchmarkValidStringLarge                     	  181394	      1667 ns/op	39319.26 MB/s	       0 B/op	       0 allocs/op
BenchmarkUnmarshalLargeString                 	   15528	     18681 ns/op	3508.99 MB/s	   74123 B/op	       6 allocs/op
PASS
